[Licensing::Module] Trying to connect to existing licensing client channel...
Built from '6000.4/staging' branch; Version is '6000.4.0f1 (8cf496087c8f) revision 9237654'; Using compiler version '194234433'; Build Type 'Release'
[Licensing::IpcConnector] Successfully connected to: "LicenseClient-PC" at "2026-07-15T00:07:15.9660032Z"
OS: 'Windows 11  (10.0.26200) Professional' Language: 'en' Physical Memory: 64651 MB
BatchMode: 1, IsHumanControllingUs: 0, StartBugReporterOnCrash: 0, Is64bit: 1
System  architecture: x64
Process architecture: x64
Date: 2026-07-15T00:07:15Z

COMMAND LINE ARGUMENTS:
C:\Program Files\Unity\Hub\Editor\6000.4.0f1\Editor\Unity.exe
-adb2
-batchMode
-noUpm
-name
AssetImportWorker6
-projectPath
C:/Users/PC/Documents/navian-xr-challenge
-logFile
Logs/AssetImportWorker6.log
-srvPort
59935
-licensingIpc
LicenseClient-PC
-force-d3d12
-job-worker-count
15
-background-job-worker-count
8
-gc-helper-count
1
-name
AssetImport
Successfully changed project path to: C:/Users/PC/Documents/navian-xr-challenge
C:/Users/PC/Documents/navian-xr-challenge
[UnityMemory] Configuration Parameters - Can be set up in boot.config
    "memorysetup-temp-allocator-size-gi-baking-worker=262144"
    "memorysetup-temp-allocator-size-gi-baking-worker=262144"
    "memorysetup-temp-allocator-size-gi-baking-worker=262144"
    "memorysetup-temp-allocator-size-gi-baking-worker=262144"
    "memorysetup-temp-allocator-size-gi-baking-worker=262144"
    "memorysetup-temp-allocator-size-nav-mesh-worker=65536"
    "memorysetup-temp-allocator-size-audio-worker=65536"
    "memorysetup-temp-allocator-size-cloud-worker=32768"
    "memorysetup-temp-allocator-size-gfx=262144"
    "memorysetup-temp-allocator-size-preload-manager=33554432"
    "memorysetup-temp-allocator-size-job-worker=262144"
    "memorysetup-temp-allocator-size-background-worker=32768"
    "memorysetup-allocator-temp-initial-block-size-main=262144"
    "memorysetup-allocator-temp-initial-block-size-worker=262144"
    "memorysetup-bucket-allocator-granularity=16"
    "memorysetup-bucket-allocator-bucket-count=8"
    "memorysetup-bucket-allocator-block-size=33554432"
    "memorysetup-bucket-allocator-block-count=8"
    "memorysetup-main-allocator-block-size=16777216"
    "memorysetup-thread-allocator-block-size=16777216"
    "memorysetup-gfx-main-allocator-block-size=16777216"
    "memorysetup-gfx-thread-allocator-block-size=16777216"
    "memorysetup-cache-allocator-block-size=4194304"
    "memorysetup-typetree-allocator-block-size=2097152"
    "memorysetup-profiler-bucket-allocator-granularity=16"
    "memorysetup-profiler-bucket-allocator-bucket-count=8"
    "memorysetup-profiler-bucket-allocator-block-size=33554432"
    "memorysetup-profiler-bucket-allocator-block-count=8"
    "memorysetup-profiler-allocator-block-size=16777216"
    "memorysetup-profiler-editor-allocator-block-size=1048576"
    "memorysetup-temp-allocator-size-main=16777216"
    "memorysetup-job-temp-allocator-block-size=2097152"
    "memorysetup-job-temp-allocator-block-size-background=1048576"
    "memorysetup-job-temp-allocator-reduction-small-platforms=262144"
Player connection [21736]  Target information:

Player connection [21736]  * "[IP] 192.168.0.48 [Port] 0 [Flags] 2 [Guid] 2667238627 [EditorId] 2667238627 [Version] 1048832 [Id] WindowsEditor(7,DESKTOP-I2O35MU) [Debug] 1 [PackageName] WindowsEditor [ProjectName] Editor" 

Player connection [21736] Host joined multi-casting on [225.0.0.222:54997]...
Player connection [21736] Host joined alternative multi-casting on [225.0.0.222:34997]...
JobSystem: Creating JobQueue using job-worker-count value 15
Input System module state changed to: Initialized.
[Physics::Module] Initialized fallback backend.
[Physics::Module] Id: 0xdecafbad
Library Redirect Path: Library/
[Physics::Module] Selected backend.
[Physics::Module] Name: PhysX
[Physics::Module] Id: 0xf2b8ea05
[Physics::Module] SDK Version: 4.1.2
[Physics::Module] Integration Version: 1.0.0
[Physics::Module] Threading Mode: Multi-Threaded
Initialize engine version: 6000.4.0f1 (8cf496087c8f)
[Subsystems] Discovering subsystems at path C:/Program Files/Unity/Hub/Editor/6000.4.0f1/Editor/Data/Resources/UnitySubsystems
[Subsystems] Discovering subsystems at path C:/Users/PC/Documents/navian-xr-challenge/Assets
Forcing GfxDevice: Direct3D 12
GfxDevice: creating device client; kGfxThreadingModeNonThreaded
[Licensing::Client] Error: HandshakeResponse reported an error:
	ResponseCode: 505
	ResponseStatus: Unsupported protocol version '1.18.1'.
[Licensing::Module] Error: Failed to handshake to channel: "LicenseClient-PC"
[Licensing::IpcConnector] LicenseClient-PC channel disconnected successfully.
[Licensing::IpcConnector] Successfully connected to: "LicenseClient-PC-6000.4.0" at "2026-07-15T00:07:17.2180214Z"
d3d12: failed to query info queue interface (0x80004002).
Direct3D:
    Version:         Direct3D 12 [level 12.2]
    Renderer:        NVIDIA GeForce RTX 4070 Ti (ID=0x2782)
    Vendor:          NVIDIA
    VRAM:            11994 MB
    App VRAM Budget: 11226 MB
    Driver:          32.0.15.9186
Initialize mono
Mono path[0] = 'C:/Program Files/Unity/Hub/Editor/6000.4.0f1/Editor/Data/Managed'
Mono path[1] = 'C:/Program Files/Unity/Hub/Editor/6000.4.0f1/Editor/Data/MonoBleedingEdge/lib/mono/unityjit-win32'
Mono config path = 'C:/Program Files/Unity/Hub/Editor/6000.4.0f1/Editor/Data/MonoBleedingEdge/etc'
Using monoOptions --debugger-agent=transport=dt_socket,embedding=1,server=y,suspend=n,address=127.0.0.1:56864
CodeReloadManager initialized
Begin MonoManager ReloadAssembly
Registering precompiled unity dll's ...
Register platform support module: C:/Program Files/Unity/Hub/Editor/6000.4.0f1/Editor/Data/PlaybackEngines/WebGLSupport/UnityEditor.WebGL.Extensions.dll
Register platform support module: C:/Program Files/Unity/Hub/Editor/6000.4.0f1/Editor/Data/PlaybackEngines/WindowsStandaloneSupport/UnityEditor.WindowsStandalone.Extensions.dll
[Licensing::Module] Licensing is not yet initialized.
[Licensing::Client] Handshaking with LicensingClient:
  Version:                 1.18.1+9fbee8e
  Session Id:              0d2017dd36d44322aedbd9789c5a3d9f
  Correlation Id:          437aa0d2c3837a547cd0fb8707edf142
  External correlation Id: 4822201335697650581
  Machine Id:              1NzN35J4l5covynla2kyDaSjpLc=
[Licensing::Module] Successfully connected to LicensingClient on channel: "LicenseClient-PC-6000.4.0" (connect: 0.00s, validation: 0.00s, handshake: 1.15s)
[Licensing::IpcConnector] Successfully connected to: "LicenseClient-PC-6000.4.0-notifications" at "2026-07-15T00:07:18.3723752Z"
[Licensing::Module] Licensing Background thread has ended after 2.41s
[Licensing::Module] Licensing is initialized (took 0.31s).
[Licensing::Client] Successfully resolved entitlement details
[Licensing::Module] License group:
  Id: 4673982770363-UnityPersXXXX
  Product: Unity Personal
  Type: Assigned
  Expiration: Unlimited
Register platform support module: C:/Program Files/Unity/Hub/Editor/6000.4.0f1/Editor/Data/PlaybackEngines/MetroSupport/UnityEditor.UWP.Extensions.dll
Registered in 0.314927 seconds.
Native extension for UWP target not found
Native extension for WindowsStandalone target not found
Native extension for WebGL target not found
Package Manager log level set to [2]
[Package Manager] Failed to launch server process. Reason: Unity was launched with the -noUpm command-line argument
[Package Manager] Unable to send message (not connected to server process).
[Package Manager] Cannot connect to Unity Package Manager local server
ScheduleIndexationOnStartup MainProcess:False IndexOnStartup:True
Mono: successfully reloaded assembly
- Finished resetting the current domain, in  0.311 seconds
Domain Reload Profiling: 1029ms
	BeginReloadAssembly (129ms)
	RebuildCommonClasses (33ms)
	RebuildNativeTypeToScriptingClass (12ms)
	initialDomainReloadingComplete (379ms)
	LoadAllAssembliesAndSetupDomain (164ms)
		LoadAssemblies (123ms)
		AnalyzeDomain (156ms)
			TypeCache.Refresh (154ms)
				TypeCache.ScanAssembly (142ms)
	FinalizeReload (312ms)
		SetupLoadedEditorAssemblies (0ms)
			InitializePlatformSupportModulesInManaged (67ms)
			BeforeProcessingInitializeOnLoad (64ms)
			ProcessInitializeOnLoadAttributes (81ms)
			ProcessInitializeOnLoadMethodAttributes (52ms)
========================================================================
Worker process is ready to serve import requests
Import Worker Mode flag is 0x00
Begin MonoManager ReloadAssembly
[Licensing::Client] Successfully resolved entitlement details
Assembly Assembly-CSharp-Editor-firstpass.dll at Library/ScriptAssemblies/Assembly-CSharp-Editor-firstpass.dll not valid. Loading of assembly skipped.
Assembly Assembly-CSharp-firstpass.dll at Library/ScriptAssemblies/Assembly-CSharp-firstpass.dll not valid. Loading of assembly skipped.
Assembly Unity.Multiplayer.Center.Editor.Tests.dll at Library/ScriptAssemblies/Unity.Multiplayer.Center.Editor.Tests.dll not valid. Loading of assembly skipped.
Assembly Unity.Multiplayer.Center.Tests.dll at Library/ScriptAssemblies/Unity.Multiplayer.Center.Tests.dll not valid. Loading of assembly skipped.
Native extension for UWP target not found
Native extension for WindowsStandalone target not found
Native extension for WebGL target not found
[Package Manager] Failed to launch server process. Reason: Unity was launched with the -noUpm command-line argument
[Package Manager] Unable to send message (not connected to server process).
[Package Manager] Cannot connect to Unity Package Manager local server
ScheduleIndexationOnStartup MainProcess:False IndexOnStartup:True
Mono: successfully reloaded assembly
- Finished resetting the current domain, in  0.304 seconds
Domain Reload Profiling: 579ms
	BeginReloadAssembly (172ms)
		DisableScriptedObjects (5ms)
		CreateAndSetChildDomain (38ms)
	RebuildCommonClasses (33ms)
	RebuildNativeTypeToScriptingClass (11ms)
	initialDomainReloadingComplete (39ms)
	LoadAllAssembliesAndSetupDomain (18ms)
		LoadAssemblies (95ms)
		AnalyzeDomain (10ms)
			TypeCache.Refresh (6ms)
				TypeCache.ScanAssembly (3ms)
	FinalizeReload (305ms)
		SetupLoadedEditorAssemblies (0ms)
			InitializePlatformSupportModulesInManaged (10ms)
			BeforeProcessingInitializeOnLoad (83ms)
			ProcessInitializeOnLoadAttributes (66ms)
			ProcessInitializeOnLoadMethodAttributes (33ms)
			AfterProcessingInitializeOnLoad (9ms)
		AwakeInstancesAfterBackupRestoration (7ms)
Launched and connected shader compiler UnityShaderCompiler.exe after 0.01 seconds
Unloading 2 Unused Serialized files (Serialized files now loaded: 0)
Unloading 212 unused Assets / (130.7 KB). Loaded Objects now: 838.
Memory consumption went from 68.8 MB to 68.6 MB.
Total: 3.602300 ms (FindLiveObjects: 0.069000 ms CreateObjectMapping: 0.009900 ms MarkObjects: 3.373800 ms  DeleteObjects: 0.147900 ms)

========================================================================
Received Import Request.
  Time since last request: 27298.855286 seconds.
  path: Assets/ThirdParty/UnityVolumeRendering/Editor/EditorProgressView.cs
  importAddress: Guid(c54cc094b48fb811a99332eb3e0067c0) Importer(2089858483,b0f066a214c2f5e87bad3c948f4d605d)
Start importing Assets/ThirdParty/UnityVolumeRendering/Editor/EditorProgressView.cs using Guid(c54cc094b48fb811a99332eb3e0067c0) Importer(2089858483,b0f066a214c2f5e87bad3c948f4d605d) (ScriptedImporter) -> (Import Result ID: 'd05031c78433300ef040937c018ef6c6') in 0.0839411 seconds [static and dynamic dependencies]. Details - ImportResultOutputID=4eb4e8fc480f2a3231ab742531df48ec DependenciesID=36f3a585818ad7521f81c6d2ba86af90 StaticDependenciesID=d1281fb651db5dab6abc8d79913e9ad6 
Number of updated asset objects reloaded before import = 0Number of asset objects unloaded after import = 0

========================================================================
Received Import Request.
  Time since last request: 0.000016 seconds.
  path: Assets/ThirdParty/UnityVolumeRendering/Editor/ScriptedImporters/RawScriptedImporter.cs
  importAddress: Guid(d2a23bdbfb502dc1cbc4922f66943a8c) Importer(2089858483,b0f066a214c2f5e87bad3c948f4d605d)
Start importing Assets/ThirdParty/UnityVolumeRendering/Editor/ScriptedImporters/RawScriptedImporter.cs using Guid(d2a23bdbfb502dc1cbc4922f66943a8c) Importer(2089858483,b0f066a214c2f5e87bad3c948f4d605d) (ScriptedImporter) -> (Import Result ID: '839349bb5301f0441f29b3cb6eb6a0e0') in 0.010088 seconds [static and dynamic dependencies]. Details - ImportResultOutputID=2751e7d39948ec719bf9a350f606fb02 DependenciesID=a5bf10913866d951d04f0ae759daec5b StaticDependenciesID=f50f43d715fe65c8480ed4835f10494f 
Number of updated asset objects reloaded before import = 0Number of asset objects unloaded after import = 0

========================================================================
Received Import Request.
  Time since last request: 0.000093 seconds.
  path: Assets/ThirdParty/UnityVolumeRendering/Editor/RAWDatasetImporterEditorWIndow.cs
  importAddress: Guid(a6938a09f67b77c4b9e832cf63203399) Importer(2089858483,b0f066a214c2f5e87bad3c948f4d605d)
Start importing Assets/ThirdParty/UnityVolumeRendering/Editor/RAWDatasetImporterEditorWIndow.cs using Guid(a6938a09f67b77c4b9e832cf63203399) Importer(2089858483,b0f066a214c2f5e87bad3c948f4d605d) (ScriptedImporter) -> (Import Result ID: 'e8728b84dfa3405189685da1776fb130') in 0.0066337 seconds [static and dynamic dependencies]. Details - ImportResultOutputID=b87fb4e29765f902020d574aaec76c03 DependenciesID=f8ba713e6d48ced89a8e37c3a06e38ad StaticDependenciesID=f6c4dfa774c7b04a2866f501ee1e615f 
Number of updated asset objects reloaded before import = 0Number of asset objects unloaded after import = 0

========================================================================
Received Import Request.
  Time since last request: 0.000081 seconds.
  path: Assets/ThirdParty/UnityVolumeRendering/Resources/dicom-elements-2007.dic.bytes
  importAddress: Guid(995b791e7a90b494194aa1d02cedc49c) Importer(2089858483,b0f066a214c2f5e87bad3c948f4d605d)
Start importing Assets/ThirdParty/UnityVolumeRendering/Resources/dicom-elements-2007.dic.bytes using Guid(995b791e7a90b494194aa1d02cedc49c) Importer(2089858483,b0f066a214c2f5e87bad3c948f4d605d) (ScriptedImporter) -> (Import Result ID: '911206512d9067e43f9d76ba6f6d6f4e') in 0.008549 seconds [static and dynamic dependencies]. Details - ImportResultOutputID=33fb54bbfea865ca596807cc8215bdff DependenciesID=9d27e273dc3b3fdad90c68d041b2b9fc StaticDependenciesID=995e0248306f96fa62c9e7b55af6c8ee 
Number of updated asset objects reloaded before import = 0Number of asset objects unloaded after import = 1

========================================================================
Received Import Request.
  Time since last request: 0.000046 seconds.
  path: Assets/ThirdParty/openDicom/Encoding/LO.cs
  importAddress: Guid(19bb1114d82125547893c54674cc5442) Importer(2089858483,b0f066a214c2f5e87bad3c948f4d605d)
Start importing Assets/ThirdParty/openDicom/Encoding/LO.cs using Guid(19bb1114d82125547893c54674cc5442) Importer(2089858483,b0f066a214c2f5e87bad3c948f4d605d) (ScriptedImporter) -> (Import Result ID: 'f5e03e93b5c18aa8ec8b9747bc2a6831') in 0.0074883 seconds [static and dynamic dependencies]. Details - ImportResultOutputID=d4318ab3831fdd01e57132025bbf44e2 DependenciesID=e5f5fd478422b73c727c1d6c0a4c234b StaticDependenciesID=a1bbb10b811b86fb71092f01fcdcb9d8 
Number of updated asset objects reloaded before import = 0Number of asset objects unloaded after import = 0

========================================================================
Received Import Request.
  Time since last request: 0.000052 seconds.
  path: Assets/ThirdParty/openDicom/Image/PixelData.cs
  importAddress: Guid(7abfaa9b89fbb104f986c6f2ac5f4adc) Importer(2089858483,b0f066a214c2f5e87bad3c948f4d605d)
Start importing Assets/ThirdParty/openDicom/Image/PixelData.cs using Guid(7abfaa9b89fbb104f986c6f2ac5f4adc) Importer(2089858483,b0f066a214c2f5e87bad3c948f4d605d) (ScriptedImporter) -> (Import Result ID: '18c50e61d15885691e12cdd334b23998') in 0.0083717 seconds [static and dynamic dependencies]. Details - ImportResultOutputID=d935a4ebbb2ba45008d51ac3a1f64679 DependenciesID=e74c1942acd40720c8b287bd713775c1 StaticDependenciesID=196981b9564d1a971b20f01557a62c22 
Number of updated asset objects reloaded before import = 0Number of asset objects unloaded after import = 0

========================================================================
Received Import Request.
  Time since last request: 0.000063 seconds.
  path: Assets/ThirdParty/UnityVolumeRendering/Shaders/CrossSectionFrame.shader
  importAddress: Guid(89540532744245fe92c39f33259d5d16) Importer(2089858483,b0f066a214c2f5e87bad3c948f4d605d)
Start importing Assets/ThirdParty/UnityVolumeRendering/Shaders/CrossSectionFrame.shader using Guid(89540532744245fe92c39f33259d5d16) Importer(2089858483,b0f066a214c2f5e87bad3c948f4d605d) (ScriptedImporter) -> (Import Result ID: '85ef3cab8744c84fcafc83b114d33697') in 0.0137889 seconds [static and dynamic dependencies]. Details - ImportResultOutputID=e97c2c352faee6d9f87fdb4255c2c481 DependenciesID=e612c2effacf3215055f90498163af18 StaticDependenciesID=933a1561299db2a8152d5e3336b5d2e8 
Number of updated asset objects reloaded before import = 0Number of asset objects unloaded after import = 1

========================================================================
Received Import Request.
  Time since last request: 0.000027 seconds.
  path: Assets/ThirdParty/UnityVolumeRendering/Shaders/SliceRenderingShader.shader
  importAddress: Guid(3e3d96629e2e48248bc6b90095d57855) Importer(2089858483,b0f066a214c2f5e87bad3c948f4d605d)
Start importing Assets/ThirdParty/UnityVolumeRendering/Shaders/SliceRenderingShader.shader using Guid(3e3d96629e2e48248bc6b90095d57855) Importer(2089858483,b0f066a214c2f5e87bad3c948f4d605d) (ScriptedImporter) -> (Import Result ID: '20afa6711cd514caa3ce9796ffd1bc84') in 0.0077557 seconds [static and dynamic dependencies]. Details - ImportResultOutputID=70194579ef3aeb26c4aa0881e6a267ac DependenciesID=25f0e910eb6a19795898cedfda2568b3 StaticDependenciesID=186b5285511525eb034752ced8f3ee20 
Number of updated asset objects reloaded before import = 0Number of asset objects unloaded after import = 1

========================================================================
Received Import Request.
  Time since last request: 0.000053 seconds.
  path: Assets/ThirdParty/UnityVolumeRendering/Editor/CrossSectionPlaneEditorWindow.cs
  importAddress: Guid(65c90ba65e3f5f1428066ae352ebb5b5) Importer(2089858483,b0f066a214c2f5e87bad3c948f4d605d)
Start importing Assets/ThirdParty/UnityVolumeRendering/Editor/CrossSectionPlaneEditorWindow.cs using Guid(65c90ba65e3f5f1428066ae352ebb5b5) Importer(2089858483,b0f066a214c2f5e87bad3c948f4d605d) (ScriptedImporter) -> (Import Result ID: '80c8cdb0f44acb65fae03c0d9dce9ad4') in 0.0071056 seconds [static and dynamic dependencies]. Details - ImportResultOutputID=91dd62ad15b9852d9c0d38464540ca10 DependenciesID=c9c830f663ca129b88d6dff0855feb67 StaticDependenciesID=a224f3c73d3ffd524585236e986b7256 
Number of updated asset objects reloaded before import = 0Number of asset objects unloaded after import = 0

========================================================================
Received Import Request.
  Time since last request: 0.000008 seconds.
  path: Assets/ThirdParty/UnityVolumeRendering/Resources/CrossSectionPlane.prefab
  importAddress: Guid(671499143f6b4e24ab0822e1462a78aa) Importer(2089858483,b0f066a214c2f5e87bad3c948f4d605d)
Start importing Assets/ThirdParty/UnityVolumeRendering/Resources/CrossSectionPlane.prefab using Guid(671499143f6b4e24ab0822e1462a78aa) Importer(2089858483,b0f066a214c2f5e87bad3c948f4d605d) (ScriptedImporter) -> (Import Result ID: 'f2b04e65d304df4e9216ee3d63ba9fb4') in 0.0374697 seconds [static and dynamic dependencies]. Details - ImportResultOutputID=a56eeba7aa7e2e76432b1f7e5fa75db7 DependenciesID=7cacd0bd768966a3b9442e4910acf687 StaticDependenciesID=c4dc2a7391cda77a8f843dce41b4022c 
Number of updated asset objects reloaded before import = 0Number of asset objects unloaded after import = 8

========================================================================
Received Import Request.
  Time since last request: 0.000016 seconds.
  path: Assets/ThirdParty/openDicom/Encoding/CS.cs
  importAddress: Guid(1114831eb554c4f40bb56a8180711b26) Importer(2089858483,b0f066a214c2f5e87bad3c948f4d605d)
Start importing Assets/ThirdParty/openDicom/Encoding/CS.cs using Guid(1114831eb554c4f40bb56a8180711b26) Importer(2089858483,b0f066a214c2f5e87bad3c948f4d605d) (ScriptedImporter) -> (Import Result ID: '4da5cdd92f2b0f4124e784fbe8bcaa0a') in 0.0073013 seconds [static and dynamic dependencies]. Details - ImportResultOutputID=b3c8ecca33da5f1205643c6def9b0d06 DependenciesID=1bae48aa26ccfad322f8d8c13903ea47 StaticDependenciesID=94c56ef2fda9293ff50d5264217f274f 
Number of updated asset objects reloaded before import = 0Number of asset objects unloaded after import = 0

========================================================================
Received Import Request.
  Time since last request: 0.000046 seconds.
  path: Assets/ThirdParty/Nifti.NET/Nifti.cs
  importAddress: Guid(0eb8290c40f298e8bbbecd84630f7215) Importer(2089858483,b0f066a214c2f5e87bad3c948f4d605d)
Start importing Assets/ThirdParty/Nifti.NET/Nifti.cs using Guid(0eb8290c40f298e8bbbecd84630f7215) Importer(2089858483,b0f066a214c2f5e87bad3c948f4d605d) (ScriptedImporter) -> (Import Result ID: '66a7149819f48b167bfc01e235720361') in 0.0068785 seconds [static and dynamic dependencies]. Details - ImportResultOutputID=0c3874e4bd8c746a82bd6d1c2e05e3be DependenciesID=f11bd8104df9a9996af5ca11c0aa2365 StaticDependenciesID=36046c451f3d470be856ddca969e2dc3 
Number of updated asset objects reloaded before import = 0Number of asset objects unloaded after import = 0

========================================================================
Received Import Request.
  Time since last request: 2.024998 seconds.
  path: Assets/ThirdParty/UnityVolumeRendering/Scripts/Importing/ImporterFactory.cs
  importAddress: Guid(31dab3c456c78ea47bfe755467eaf615) Importer(2089858483,b0f066a214c2f5e87bad3c948f4d605d)
Start importing Assets/ThirdParty/UnityVolumeRendering/Scripts/Importing/ImporterFactory.cs using Guid(31dab3c456c78ea47bfe755467eaf615) Importer(2089858483,b0f066a214c2f5e87bad3c948f4d605d) (ScriptedImporter) -> (Import Result ID: '39722a98fa3e1334975e1012a26a4a6b') in 0.012015 seconds [static and dynamic dependencies]. Details - ImportResultOutputID=a3fcd397ab2199a67c2073eb1e75e9c7 DependenciesID=755e7301c2723dd9a84768ed177eae84 StaticDependenciesID=8a697fb1894ef6376a9c784822f28d8f 
Number of updated asset objects reloaded before import = 0Number of asset objects unloaded after import = 0

========================================================================
Received Import Request.
  Time since last request: 0.000035 seconds.
  path: Assets/ThirdParty/UnityVolumeRendering/Scripts/VolumeObject/VolumeRenderedObject.cs
  importAddress: Guid(acf4a5cf6519d714895a068f9a4e8456) Importer(2089858483,b0f066a214c2f5e87bad3c948f4d605d)
Start importing Assets/ThirdParty/UnityVolumeRendering/Scripts/VolumeObject/VolumeRenderedObject.cs using Guid(acf4a5cf6519d714895a068f9a4e8456) Importer(2089858483,b0f066a214c2f5e87bad3c948f4d605d) (ScriptedImporter) -> (Import Result ID: '7fbe941de1823b8247530a4c4fdb6eae') in 0.0072372 seconds [static and dynamic dependencies]. Details - ImportResultOutputID=2e5e2fef469b9e4dfe6f79c7e2ef99b6 DependenciesID=f99a6b402352f69d754736f7430c49ea StaticDependenciesID=073a6df073deb279dc0b5d7d1d2e89c3 
Number of updated asset objects reloaded before import = 0Number of asset objects unloaded after import = 0

========================================================================
Received Import Request.
  Time since last request: 0.000075 seconds.
  path: Assets/ThirdParty/UnityVolumeRendering/Scripts/Importing/ImageSequenceImporter/ImageSequenceImporter/ImageSequenceImporter.cs
  importAddress: Guid(a09b0193701f64f43b73c5762f1edd61) Importer(2089858483,b0f066a214c2f5e87bad3c948f4d605d)
Start importing Assets/ThirdParty/UnityVolumeRendering/Scripts/Importing/ImageSequenceImporter/ImageSequenceImporter/ImageSequenceImporter.cs using Guid(a09b0193701f64f43b73c5762f1edd61) Importer(2089858483,b0f066a214c2f5e87bad3c948f4d605d) (ScriptedImporter) -> (Import Result ID: '0de6ab6caaf7ddc5ea76a0e6fc8536a7') in 0.008002 seconds [static and dynamic dependencies]. Details - ImportResultOutputID=aca0c5582ab1894f5784cd8eb887087b DependenciesID=f61140871797fb99532fda10077969ee StaticDependenciesID=77bd2a2005cecb87fb7cbf1c430105ab 
Number of updated asset objects reloaded before import = 0Number of asset objects unloaded after import = 0

========================================================================
Received Import Request.
  Time since last request: 0.000016 seconds.
  path: Assets/ThirdParty/UnityVolumeRendering/Scripts/GUI/Components/WindowGUID.cs
  importAddress: Guid(4a2b62278d314ee4cafb5cec6d549323) Importer(2089858483,b0f066a214c2f5e87bad3c948f4d605d)
Start importing Assets/ThirdParty/UnityVolumeRendering/Scripts/GUI/Components/WindowGUID.cs using Guid(4a2b62278d314ee4cafb5cec6d549323) Importer(2089858483,b0f066a214c2f5e87bad3c948f4d605d) (ScriptedImporter) -> (Import Result ID: '98e1f4d3ef7ec16a64d70bce24893a59') in 0.0081663 seconds [static and dynamic dependencies]. Details - ImportResultOutputID=ca59c9a9aa8715c8d0da611160da4241 DependenciesID=f8e420ab76a725477d031861710210b7 StaticDependenciesID=f95712532ef981e66347f5a02acf070e 
Number of updated asset objects reloaded before import = 0Number of asset objects unloaded after import = 0

========================================================================
Received Import Request.
  Time since last request: 0.000029 seconds.
  path: Assets/ThirdParty/UnityVolumeRendering/Scripts/Segmentation/SegmentationLabel.cs
  importAddress: Guid(9e23eab95d81db1408e394e255b526b3) Importer(2089858483,b0f066a214c2f5e87bad3c948f4d605d)
Start importing Assets/ThirdParty/UnityVolumeRendering/Scripts/Segmentation/SegmentationLabel.cs using Guid(9e23eab95d81db1408e394e255b526b3) Importer(2089858483,b0f066a214c2f5e87bad3c948f4d605d) (ScriptedImporter) -> (Import Result ID: '2ca643c7519e9ff3d04c912336b8328e') in 0.0078896 seconds [static and dynamic dependencies]. Details - ImportResultOutputID=2d2d40ef520f52b307d9ceb0d469bd71 DependenciesID=e06ca48d9a4221a695dfa152324ff52d StaticDependenciesID=c76408f88d81faf72f0d42d26c44817a 
Number of updated asset objects reloaded before import = 0Number of asset objects unloaded after import = 0

========================================================================
Received Import Request.
  Time since last request: 0.000056 seconds.
  path: Assets/ThirdParty/UnityVolumeRendering/Scripts/Utils/AsyncHelper.cs
  importAddress: Guid(9b10981524ee50e4ca61f6bdf46bbaac) Importer(2089858483,b0f066a214c2f5e87bad3c948f4d605d)
Start importing Assets/ThirdParty/UnityVolumeRendering/Scripts/Utils/AsyncHelper.cs using Guid(9b10981524ee50e4ca61f6bdf46bbaac) Importer(2089858483,b0f066a214c2f5e87bad3c948f4d605d) (ScriptedImporter) -> (Import Result ID: 'a1442b4df956a442f6d4786cf22147de') in 0.0090585 seconds [static and dynamic dependencies]. Details - ImportResultOutputID=0ff0a1357956beba2aa0e34908df0f78 DependenciesID=11a2f63871dc289a1233a40960cdc97d StaticDependenciesID=f4ae02612dae39c234d2cd3929808a0e 
Number of updated asset objects reloaded before import = 0Number of asset objects unloaded after import = 0

========================================================================
Received Import Request.
  Time since last request: 0.000048 seconds.
  path: Assets/ThirdParty/UnityVolumeRendering/Scripts/GUI/Components/EditSliceGUI.cs
  importAddress: Guid(9b54b81475599f84bbaf90f91137f4d6) Importer(2089858483,b0f066a214c2f5e87bad3c948f4d605d)
Start importing Assets/ThirdParty/UnityVolumeRendering/Scripts/GUI/Components/EditSliceGUI.cs using Guid(9b54b81475599f84bbaf90f91137f4d6) Importer(2089858483,b0f066a214c2f5e87bad3c948f4d605d) (ScriptedImporter) -> (Import Result ID: '1ea80d710d41573bf83349dd0634fd90') in 0.0089031 seconds [static and dynamic dependencies]. Details - ImportResultOutputID=62fb06e94c4c4eeb8ad33c0b02a14d55 DependenciesID=20e37c3405a5685eeaa85c4cd82ad876 StaticDependenciesID=ea9f99e37ebfe494b910ca369bf1c6ca 
Number of updated asset objects reloaded before import = 0Number of asset objects unloaded after import = 0

========================================================================
Received Import Request.
  Time since last request: 0.000076 seconds.
  path: Assets/ThirdParty/UnityVolumeRendering/Scripts/VolumeObject/SlicingPlane.cs
  importAddress: Guid(b390ddcd0262e354e90a0e15e43abf50) Importer(2089858483,b0f066a214c2f5e87bad3c948f4d605d)
Start importing Assets/ThirdParty/UnityVolumeRendering/Scripts/VolumeObject/SlicingPlane.cs using Guid(b390ddcd0262e354e90a0e15e43abf50) Importer(2089858483,b0f066a214c2f5e87bad3c948f4d605d) (ScriptedImporter) -> (Import Result ID: 'aac0d015db48a6a8f1ceeba13a10a486') in 0.0079895 seconds [static and dynamic dependencies]. Details - ImportResultOutputID=2744d334eb42becd7d13cc7ed09f4081 DependenciesID=5fd86a1ac6d6f2fb0f01625cb8fd097d StaticDependenciesID=ce2c8fdf20de71c46a96fae2a0553f79 
Number of updated asset objects reloaded before import = 0Number of asset objects unloaded after import = 0

========================================================================
Received Import Request.
  Time since last request: 0.000067 seconds.
  path: Assets/ThirdParty/UnityVolumeRendering/Scripts/Progress/ProgressView.cs
  importAddress: Guid(520b4e3549239d0a881e62b91e53f148) Importer(2089858483,b0f066a214c2f5e87bad3c948f4d605d)
Start importing Assets/ThirdParty/UnityVolumeRendering/Scripts/Progress/ProgressView.cs using Guid(520b4e3549239d0a881e62b91e53f148) Importer(2089858483,b0f066a214c2f5e87bad3c948f4d605d) (ScriptedImporter) -> (Import Result ID: '26f3f3a8613681676ec4001e67ffdfdf') in 0.0087785 seconds [static and dynamic dependencies]. Details - ImportResultOutputID=553433af2a52ea21b5aba9f4a35b2164 DependenciesID=7170f1d68a77c9cc11fcaefbd8c3b112 StaticDependenciesID=649b36d623d0de1847e9f93d1b4725df 
Number of updated asset objects reloaded before import = 0Number of asset objects unloaded after import = 0

========================================================================
Received Import Request.
  Time since last request: 3.449105 seconds.
  path: Assets/NavianChallenge/Scenes/NavianChallenge_Main.unity
  importAddress: Guid(13c60b7bf73f7c230b07c2b086725cb8) Importer(2089858483,b0f066a214c2f5e87bad3c948f4d605d)
Start importing Assets/NavianChallenge/Scenes/NavianChallenge_Main.unity using Guid(13c60b7bf73f7c230b07c2b086725cb8) Importer(2089858483,b0f066a214c2f5e87bad3c948f4d605d) (ScriptedImporter) -> (Import Result ID: '56b552ccd2579d06e6595f47ebe75317') in 0.0096593 seconds [static and dynamic dependencies]. Details - ImportResultOutputID=985889e37ed3345643d71d5dd4ac3dbc DependenciesID=0241d15e132d213cb63c2246fe227570 StaticDependenciesID=582b63a972ad0e4b6590d8fbd41db2a1 
Number of updated asset objects reloaded before import = 0Number of asset objects unloaded after import = 1

========================================================================
Received Prepare
Begin MonoManager ReloadAssembly
Assembly Assembly-CSharp-Editor-firstpass.dll at Library/ScriptAssemblies/Assembly-CSharp-Editor-firstpass.dll not valid. Loading of assembly skipped.
Assembly Assembly-CSharp-firstpass.dll at Library/ScriptAssemblies/Assembly-CSharp-firstpass.dll not valid. Loading of assembly skipped.
Assembly Unity.Multiplayer.Center.Editor.Tests.dll at Library/ScriptAssemblies/Unity.Multiplayer.Center.Editor.Tests.dll not valid. Loading of assembly skipped.
Assembly Unity.Multiplayer.Center.Tests.dll at Library/ScriptAssemblies/Unity.Multiplayer.Center.Tests.dll not valid. Loading of assembly skipped.
Assertion failed on expression: 'pred(*previous, *i)'
Assertion failed on expression: 'pred(*previous, *i)'
Assertion failed on expression: 'pred(*previous, *i)'
Assertion failed on expression: 'pred(*previous, *i)'
Assertion failed on expression: 'pred(*previous, *i)'
Assertion failed on expression: 'pred(*previous, *i)'
Assertion failed on expression: 'pred(*previous, *i)'
Assertion failed on expression: 'pred(*previous, *i)'
Assertion failed on expression: 'pred(*previous, *i)'
Assertion failed on expression: 'pred(*previous, *i)'
Assertion failed on expression: 'pred(*previous, *i)'
Assertion failed on expression: 'pred(*previous, *i)'
Assertion failed on expression: 'pred(*previous, *i)'
Assertion failed on expression: 'pred(*previous, *i)'
Assertion failed on expression: 'pred(*previous, *i)'
Assertion failed on expression: 'pred(*previous, *i)'
Assertion failed on expression: 'pred(*previous, *i)'
Assertion failed on expression: 'pred(*previous, *i)'
Assertion failed on expression: 'pred(*previous, *i)'
Assertion failed on expression: 'pred(*previous, *i)'
Assertion failed on expression: 'pred(*previous, *i)'
Assertion failed on expression: 'pred(*previous, *i)'
Assertion failed on expression: 'pred(*previous, *i)'
Assertion failed on expression: 'pred(*previous, *i)'
Assertion failed on expression: 'pred(*previous, *i)'
Assertion failed on expression: 'pred(*previous, *i)'
Assertion failed on expression: 'pred(*previous, *i)'
Assertion failed on expression: 'pred(*previous, *i)'
Assertion failed on expression: 'pred(*previous, *i)'
Assertion failed on expression: 'pred(*previous, *i)'
Assertion failed on expression: 'pred(*previous, *i)'
Assertion failed on expression: 'pred(*previous, *i)'
Assertion failed on expression: 'pred(*previous, *i)'
Assertion failed on expression: 'pred(*previous, *i)'
Assertion failed on expression: 'pred(*previous, *i)'
Assertion failed on expression: 'pred(*previous, *i)'
Assertion failed on expression: 'pred(*previous, *i)'
Assertion failed on expression: 'pred(*previous, *i)'
Assertion failed on expression: 'pred(*previous, *i)'
Assertion failed on expression: 'pred(*previous, *i)'
Assertion failed on expression: 'pred(*previous, *i)'
Assertion failed on expression: 'pred(*previous, *i)'
Assertion failed on expression: 'pred(*previous, *i)'
Assertion failed on expression: 'pred(*previous, *i)'
Assertion failed on expression: 'pred(*previous, *i)'
Assertion failed on expression: 'pred(*previous, *i)'
Assertion failed on expression: 'pred(*previous, *i)'
Assertion failed on expression: 'pred(*previous, *i)'
Assertion failed on expression: 'pred(*previous, *i)'
Assertion failed on expression: 'pred(*previous, *i)'
Assertion failed on expression: 'pred(*previous, *i)'
Assertion failed on expression: 'pred(*previous, *i)'
Assertion failed on expression: 'pred(*previous, *i)'
Assertion failed on expression: 'pred(*previous, *i)'
Assertion failed on expression: 'pred(*previous, *i)'
Assertion failed on expression: 'pred(*previous, *i)'
Assertion failed on expression: 'pred(*previous, *i)'
Assertion failed on expression: 'pred(*previous, *i)'
Assertion failed on expression: 'pred(*previous, *i)'
Assertion failed on expression: 'pred(*previous, *i)'
Assertion failed on expression: 'pred(*previous, *i)'
Assertion failed on expression: 'pred(*previous, *i)'
Assertion failed on expression: 'pred(*previous, *i)'
Assertion failed on expression: 'pred(*previous, *i)'
Assertion failed on expression: 'pred(*previous, *i)'
Assertion failed on expression: 'pred(*previous, *i)'
Assertion failed on expression: 'pred(*previous, *i)'
Assertion failed on expression: 'pred(*previous, *i)'
Assertion failed on expression: 'pred(*previous, *i)'
Assertion failed on expression: 'pred(*previous, *i)'
Assertion failed on expression: 'pred(*previous, *i)'
Assertion failed on expression: 'pred(*previous, *i)'
Assertion failed on expression: 'pred(*previous, *i)'
Assertion failed on expression: 'pred(*previous, *i)'
Assertion failed on expression: 'pred(*previous, *i)'
Assertion failed on expression: 'pred(*previous, *i)'
Assertion failed on expression: 'pred(*previous, *i)'
Assertion failed on expression: 'pred(*previous, *i)'
Assertion failed on expression: 'pred(*previous, *i)'
Assertion failed on expression: 'pred(*previous, *i)'
Assertion failed on expression: 'pred(*previous, *i)'
Assertion failed on expression: 'pred(*previous, *i)'
Assertion failed on expression: 'pred(*previous, *i)'
Assertion failed on expression: 'pred(*previous, *i)'
Assertion failed on expression: 'pred(*previous, *i)'
Assertion failed on expression: 'pred(*previous, *i)'
Assertion failed on expression: 'pred(*previous, *i)'
Assertion failed on expression: 'pred(*previous, *i)'
Assertion failed on expression: 'pred(*previous, *i)'
Assertion failed on expression: 'pred(*previous, *i)'
Assertion failed on expression: 'pred(*previous, *i)'
Assertion failed on expression: 'pred(*previous, *i)'
Assertion failed on expression: 'pred(*previous, *i)'
Assertion failed on expression: 'pred(*previous, *i)'
Assertion failed on expression: 'pred(*previous, *i)'
Assertion failed on expression: 'pred(*previous, *i)'
Assertion failed on expression: 'pred(*previous, *i)'
Assertion failed on expression: 'pred(*previous, *i)'
Assertion failed on expression: 'pred(*previous, *i)'
Assertion failed on expression: 'pred(*previous, *i)'
Assertion failed on expression: 'pred(*previous, *i)'
Assertion failed on expression: 'pred(*previous, *i)'
Assertion failed on expression: 'pred(*previous, *i)'
Assertion failed on expression: 'pred(*previous, *i)'
Assertion failed on expression: 'pred(*previous, *i)'
Assertion failed on expression: 'pred(*previous, *i)'
Assertion failed on expression: 'pred(*previous, *i)'
Assertion failed on expression: 'pred(*previous, *i)'
Assertion failed on expression: 'pred(*previous, *i)'
Assertion failed on expression: 'pred(*previous, *i)'
Assertion failed on expression: 'pred(*previous, *i)'
Assertion failed on expression: 'pred(*previous, *i)'
Assertion failed on expression: 'pred(*previous, *i)'
Assertion failed on expression: 'pred(*previous, *i)'
Assertion failed on expression: 'pred(*previous, *i)'
Assertion failed on expression: 'pred(*previous, *i)'
Assertion failed on expression: 'pred(*previous, *i)'
Assertion failed on expression: 'pred(*previous, *i)'
Assertion failed on expression: 'pred(*previous, *i)'
Assertion failed on expression: 'pred(*previous, *i)'
Assertion failed on expression: 'pred(*previous, *i)'
Assertion failed on expression: 'pred(*previous, *i)'
Assertion failed on expression: 'pred(*previous, *i)'
Assertion failed on expression: 'pred(*previous, *i)'
Assertion failed on expression: 'pred(*previous, *i)'
Assertion failed on expression: 'pred(*previous, *i)'
Assertion failed on expression: 'pred(*previous, *i)'
Assertion failed on expression: 'pred(*previous, *i)'
Assertion failed on expression: 'pred(*previous, *i)'
Assertion failed on expression: 'pred(*previous, *i)'
Assertion failed on expression: 'pred(*previous, *i)'
Assertion failed on expression: 'pred(*previous, *i)'
Assertion failed on expression: 'pred(*previous, *i)'
Assertion failed on expression: 'pred(*previous, *i)'
Assertion failed on expression: 'pred(*previous, *i)'
Assertion failed on expression: 'pred(*previous, *i)'
Assertion failed on expression: 'pred(*previous, *i)'
Assertion failed on expression: 'pred(*previous, *i)'
Assertion failed on expression: 'pred(*previous, *i)'
Assertion failed on expression: 'pred(*previous, *i)'
Assertion failed on expression: 'pred(*previous, *i)'
Assertion failed on expression: 'pred(*previous, *i)'
Native extension for UWP target not found
Native extension for WindowsStandalone target not found
Native extension for WebGL target not found
[Package Manager] Failed to launch server process. Reason: Unity was launched with the -noUpm command-line argument
[Package Manager] Unable to send message (not connected to server process).
[Package Manager] Cannot connect to Unity Package Manager local server
ScheduleIndexationOnStartup MainProcess:False IndexOnStartup:True
Mono: successfully reloaded assembly
- Finished resetting the current domain, in  0.304 seconds
Domain Reload Profiling: 567ms
	BeginReloadAssembly (158ms)
		DisableScriptedObjects (4ms)
		CreateAndSetChildDomain (26ms)
	RebuildCommonClasses (30ms)
	RebuildNativeTypeToScriptingClass (10ms)
	initialDomainReloadingComplete (46ms)
	LoadAllAssembliesAndSetupDomain (18ms)
		LoadAssemblies (97ms)
		AnalyzeDomain (7ms)
			TypeCache.Refresh (3ms)
			BuildScriptInfoCaches (3ms)
	FinalizeReload (305ms)
		SetupLoadedEditorAssemblies (0ms)
			InitializePlatformSupportModulesInManaged (10ms)
			BeforeProcessingInitializeOnLoad (86ms)
			ProcessInitializeOnLoadAttributes (68ms)
			ProcessInitializeOnLoadMethodAttributes (34ms)
			AfterProcessingInitializeOnLoad (6ms)
		AwakeInstancesAfterBackupRestoration (6ms)
Unloading 2 Unused Serialized files (Serialized files now loaded: 0)
Unloading 210 unused Assets / (101.5 KB). Loaded Objects now: 841.
Memory consumption went from 69.4 MB to 69.3 MB.
Total: 3.463200 ms (FindLiveObjects: 0.060400 ms CreateObjectMapping: 0.007900 ms MarkObjects: 3.309800 ms  DeleteObjects: 0.084300 ms)

Prepare: number of updated asset objects reloaded= 0
Editor requested this worker to shutdown with reason: Scaling down because of idle timeout
AssetImportWorker is now disconnected from the server
Process exiting
Exiting without the bug reporter. Application will terminate with return code 0