[Licensing::Module] Trying to connect to existing licensing client channel...
Built from '6000.4/staging' branch; Version is '6000.4.0f1 (8cf496087c8f) revision 9237654'; Using compiler version '194234433'; Build Type 'Release'
[Licensing::IpcConnector] Successfully connected to: "LicenseClient-PC" at "2026-07-15T00:07:15.9946673Z"
OS: 'Windows 11  (10.0.26200) Professional' Language: 'en' Physical Memory: 64651 MB
BatchMode: 1, IsHumanControllingUs: 0, StartBugReporterOnCrash: 0, Is64bit: 1
System  architecture: x64
Process architecture: x64
Date: 2026-07-15T00:07:15Z

COMMAND LINE ARGUMENTS:
C:\Program Files\Unity\Hub\Editor\6000.4.0f1\Editor\Unity.exe
-adb2
-batchMode
-noUpm
-name
AssetImportWorker7
-projectPath
C:/Users/PC/Documents/navian-xr-challenge
-logFile
Logs/AssetImportWorker7.log
-srvPort
59935
-licensingIpc
LicenseClient-PC
-force-d3d12
-job-worker-count
15
-background-job-worker-count
8
-gc-helper-count
1
-name
AssetImport
Successfully changed project path to: C:/Users/PC/Documents/navian-xr-challenge
C:/Users/PC/Documents/navian-xr-challenge
[UnityMemory] Configuration Parameters - Can be set up in boot.config
    "memorysetup-temp-allocator-size-gi-baking-worker=262144"
    "memorysetup-temp-allocator-size-gi-baking-worker=262144"
    "memorysetup-temp-allocator-size-gi-baking-worker=262144"
    "memorysetup-temp-allocator-size-gi-baking-worker=262144"
    "memorysetup-temp-allocator-size-gi-baking-worker=262144"
    "memorysetup-temp-allocator-size-nav-mesh-worker=65536"
    "memorysetup-temp-allocator-size-audio-worker=65536"
    "memorysetup-temp-allocator-size-cloud-worker=32768"
    "memorysetup-temp-allocator-size-gfx=262144"
    "memorysetup-temp-allocator-size-preload-manager=33554432"
    "memorysetup-temp-allocator-size-job-worker=262144"
    "memorysetup-temp-allocator-size-background-worker=32768"
    "memorysetup-allocator-temp-initial-block-size-main=262144"
    "memorysetup-allocator-temp-initial-block-size-worker=262144"
    "memorysetup-bucket-allocator-granularity=16"
    "memorysetup-bucket-allocator-bucket-count=8"
    "memorysetup-bucket-allocator-block-size=33554432"
    "memorysetup-bucket-allocator-block-count=8"
    "memorysetup-main-allocator-block-size=16777216"
    "memorysetup-thread-allocator-block-size=16777216"
    "memorysetup-gfx-main-allocator-block-size=16777216"
    "memorysetup-gfx-thread-allocator-block-size=16777216"
    "memorysetup-cache-allocator-block-size=4194304"
    "memorysetup-typetree-allocator-block-size=2097152"
    "memorysetup-profiler-bucket-allocator-granularity=16"
    "memorysetup-profiler-bucket-allocator-bucket-count=8"
    "memorysetup-profiler-bucket-allocator-block-size=33554432"
    "memorysetup-profiler-bucket-allocator-block-count=8"
    "memorysetup-profiler-allocator-block-size=16777216"
    "memorysetup-profiler-editor-allocator-block-size=1048576"
    "memorysetup-temp-allocator-size-main=16777216"
    "memorysetup-job-temp-allocator-block-size=2097152"
    "memorysetup-job-temp-allocator-block-size-background=1048576"
    "memorysetup-job-temp-allocator-reduction-small-platforms=262144"
Player connection [4972]  Target information:

Player connection [4972]  * "[IP] 192.168.0.48 [Port] 0 [Flags] 2 [Guid] 465683660 [EditorId] 465683660 [Version] 1048832 [Id] WindowsEditor(7,DESKTOP-I2O35MU) [Debug] 1 [PackageName] WindowsEditor [ProjectName] Editor" 

Player connection [4972] Host joined multi-casting on [225.0.0.222:54997]...
Player connection [4972] Host joined alternative multi-casting on [225.0.0.222:34997]...
JobSystem: Creating JobQueue using job-worker-count value 15
Input System module state changed to: Initialized.
[Physics::Module] Initialized fallback backend.
[Physics::Module] Id: 0xdecafbad
Library Redirect Path: Library/
[Physics::Module] Selected backend.
[Physics::Module] Name: PhysX
[Physics::Module] Id: 0xf2b8ea05
[Physics::Module] SDK Version: 4.1.2
[Physics::Module] Integration Version: 1.0.0
[Physics::Module] Threading Mode: Multi-Threaded
Initialize engine version: 6000.4.0f1 (8cf496087c8f)
[Subsystems] Discovering subsystems at path C:/Program Files/Unity/Hub/Editor/6000.4.0f1/Editor/Data/Resources/UnitySubsystems
[Subsystems] Discovering subsystems at path C:/Users/PC/Documents/navian-xr-challenge/Assets
Forcing GfxDevice: Direct3D 12
GfxDevice: creating device client; kGfxThreadingModeNonThreaded
[Licensing::Client] Error: HandshakeResponse reported an error:
	ResponseCode: 505
	ResponseStatus: Unsupported protocol version '1.18.1'.
[Licensing::Module] Error: Failed to handshake to channel: "LicenseClient-PC"
[Licensing::IpcConnector] LicenseClient-PC channel disconnected successfully.
[Licensing::IpcConnector] Successfully connected to: "LicenseClient-PC-6000.4.0" at "2026-07-15T00:07:17.2343314Z"
d3d12: failed to query info queue interface (0x80004002).
Direct3D:
    Version:         Direct3D 12 [level 12.2]
    Renderer:        NVIDIA GeForce RTX 4070 Ti (ID=0x2782)
    Vendor:          NVIDIA
    VRAM:            11994 MB
    App VRAM Budget: 11226 MB
    Driver:          32.0.15.9186
Initialize mono
Mono path[0] = 'C:/Program Files/Unity/Hub/Editor/6000.4.0f1/Editor/Data/Managed'
Mono path[1] = 'C:/Program Files/Unity/Hub/Editor/6000.4.0f1/Editor/Data/MonoBleedingEdge/lib/mono/unityjit-win32'
Mono config path = 'C:/Program Files/Unity/Hub/Editor/6000.4.0f1/Editor/Data/MonoBleedingEdge/etc'
Using monoOptions --debugger-agent=transport=dt_socket,embedding=1,server=y,suspend=n,address=127.0.0.1:56428
CodeReloadManager initialized
Begin MonoManager ReloadAssembly
Registering precompiled unity dll's ...
Register platform support module: C:/Program Files/Unity/Hub/Editor/6000.4.0f1/Editor/Data/PlaybackEngines/WebGLSupport/UnityEditor.WebGL.Extensions.dll
Register platform support module: C:/Program Files/Unity/Hub/Editor/6000.4.0f1/Editor/Data/PlaybackEngines/WindowsStandaloneSupport/UnityEditor.WindowsStandalone.Extensions.dll
[Licensing::Module] Licensing is not yet initialized.
[Licensing::Client] Handshaking with LicensingClient:
  Version:                 1.18.1+9fbee8e
  Session Id:              563ea590a73c414e8e3ef9eba2433511
  Correlation Id:          437aa0d2c3837a547cd0fb8707edf142
  External correlation Id: 3471226094577985033
  Machine Id:              1NzN35J4l5covynla2kyDaSjpLc=
[Licensing::Module] Successfully connected to LicensingClient on channel: "LicenseClient-PC-6000.4.0" (connect: 0.00s, validation: 0.00s, handshake: 1.16s)
[Licensing::IpcConnector] Successfully connected to: "LicenseClient-PC-6000.4.0-notifications" at "2026-07-15T00:07:18.3924168Z"
[Licensing::Module] Licensing Background thread has ended after 2.40s
[Licensing::Module] Licensing is initialized (took 0.30s).
[Licensing::Client] Successfully resolved entitlement details
[Licensing::Module] License group:
  Id: 4673982770363-UnityPersXXXX
  Product: Unity Personal
  Type: Assigned
  Expiration: Unlimited
Register platform support module: C:/Program Files/Unity/Hub/Editor/6000.4.0f1/Editor/Data/PlaybackEngines/MetroSupport/UnityEditor.UWP.Extensions.dll
Registered in 0.305364 seconds.
Native extension for UWP target not found
Native extension for WindowsStandalone target not found
Native extension for WebGL target not found
Package Manager log level set to [2]
[Package Manager] Failed to launch server process. Reason: Unity was launched with the -noUpm command-line argument
[Package Manager] Unable to send message (not connected to server process).
[Package Manager] Cannot connect to Unity Package Manager local server
ScheduleIndexationOnStartup MainProcess:False IndexOnStartup:True
Mono: successfully reloaded assembly
- Finished resetting the current domain, in  0.312 seconds
Domain Reload Profiling: 1012ms
	BeginReloadAssembly (129ms)
	RebuildCommonClasses (31ms)
	RebuildNativeTypeToScriptingClass (10ms)
	initialDomainReloadingComplete (363ms)
	LoadAllAssembliesAndSetupDomain (166ms)
		LoadAssemblies (123ms)
		AnalyzeDomain (159ms)
			TypeCache.Refresh (158ms)
				TypeCache.ScanAssembly (147ms)
	FinalizeReload (313ms)
		SetupLoadedEditorAssemblies (0ms)
			InitializePlatformSupportModulesInManaged (65ms)
			BeforeProcessingInitializeOnLoad (64ms)
			ProcessInitializeOnLoadAttributes (86ms)
			ProcessInitializeOnLoadMethodAttributes (50ms)
========================================================================
Worker process is ready to serve import requests
Import Worker Mode flag is 0x00
Begin MonoManager ReloadAssembly
[Licensing::Client] Successfully resolved entitlement details
Assembly Assembly-CSharp-Editor-firstpass.dll at Library/ScriptAssemblies/Assembly-CSharp-Editor-firstpass.dll not valid. Loading of assembly skipped.
Assembly Assembly-CSharp-firstpass.dll at Library/ScriptAssemblies/Assembly-CSharp-firstpass.dll not valid. Loading of assembly skipped.
Assembly Unity.Multiplayer.Center.Editor.Tests.dll at Library/ScriptAssemblies/Unity.Multiplayer.Center.Editor.Tests.dll not valid. Loading of assembly skipped.
Assembly Unity.Multiplayer.Center.Tests.dll at Library/ScriptAssemblies/Unity.Multiplayer.Center.Tests.dll not valid. Loading of assembly skipped.
Native extension for UWP target not found
Native extension for WindowsStandalone target not found
Native extension for WebGL target not found
[Package Manager] Failed to launch server process. Reason: Unity was launched with the -noUpm command-line argument
[Package Manager] Unable to send message (not connected to server process).
[Package Manager] Cannot connect to Unity Package Manager local server
ScheduleIndexationOnStartup MainProcess:False IndexOnStartup:True
Mono: successfully reloaded assembly
- Finished resetting the current domain, in  0.305 seconds
Domain Reload Profiling: 580ms
	BeginReloadAssembly (175ms)
		DisableScriptedObjects (5ms)
		CreateAndSetChildDomain (36ms)
	RebuildCommonClasses (33ms)
	RebuildNativeTypeToScriptingClass (11ms)
	initialDomainReloadingComplete (37ms)
	LoadAllAssembliesAndSetupDomain (17ms)
		LoadAssemblies (96ms)
		AnalyzeDomain (9ms)
			TypeCache.Refresh (6ms)
				TypeCache.ScanAssembly (3ms)
	FinalizeReload (308ms)
		SetupLoadedEditorAssemblies (0ms)
			InitializePlatformSupportModulesInManaged (10ms)
			BeforeProcessingInitializeOnLoad (83ms)
			ProcessInitializeOnLoadAttributes (67ms)
			ProcessInitializeOnLoadMethodAttributes (35ms)
			AfterProcessingInitializeOnLoad (7ms)
		AwakeInstancesAfterBackupRestoration (7ms)
Launched and connected shader compiler UnityShaderCompiler.exe after 0.01 seconds
Unloading 2 Unused Serialized files (Serialized files now loaded: 0)
Unloading 212 unused Assets / (130.8 KB). Loaded Objects now: 838.
Memory consumption went from 68.8 MB to 68.7 MB.
Total: 3.609800 ms (FindLiveObjects: 0.060600 ms CreateObjectMapping: 0.008400 ms MarkObjects: 3.379500 ms  DeleteObjects: 0.159600 ms)

========================================================================
Received Import Request.
  Time since last request: 27298.878544 seconds.
  path: Assets/NavianChallenge/Scenes/NavianChallenge_Main.unity
  importAddress: Guid(13c60b7bf73f7c230b07c2b086725cb8) Importer(2089858483,b0f066a214c2f5e87bad3c948f4d605d)
Start importing Assets/NavianChallenge/Scenes/NavianChallenge_Main.unity using Guid(13c60b7bf73f7c230b07c2b086725cb8) Importer(2089858483,b0f066a214c2f5e87bad3c948f4d605d) (ScriptedImporter) -> (Import Result ID: '0739ae7ecfb55abfddb4759437ce2e64') in 0.0707809 seconds [static and dynamic dependencies]. Details - ImportResultOutputID=970e9c22a482b30fb6cbf0b6df9774d2 DependenciesID=235020ed413a414e96938c3f1f20eef7 StaticDependenciesID=492a1efdc55d3b7e81e66db2c8dcfe32 
Number of updated asset objects reloaded before import = 0Number of asset objects unloaded after import = 1

========================================================================
Received Import Request.
  Time since last request: 0.000013 seconds.
  path: Assets/NavianChallenge/Editor/ChallengeSceneBuilder.cs
  importAddress: Guid(0f5d6d292288dea5c81172e85556ea8f) Importer(2089858483,b0f066a214c2f5e87bad3c948f4d605d)
Start importing Assets/NavianChallenge/Editor/ChallengeSceneBuilder.cs using Guid(0f5d6d292288dea5c81172e85556ea8f) Importer(2089858483,b0f066a214c2f5e87bad3c948f4d605d) (ScriptedImporter) -> (Import Result ID: 'b9aa84c472ffe824e8f160c96a99306c') in 0.0185642 seconds [static and dynamic dependencies]. Details - ImportResultOutputID=dd173369e31a168971b1d73858922829 DependenciesID=b9993d373a9eef5d037fc3499b14fce3 StaticDependenciesID=720d051b6cef77a96833b53684b2837b 
Number of updated asset objects reloaded before import = 0Number of asset objects unloaded after import = 0

========================================================================
Received Import Request.
  Time since last request: 0.000068 seconds.
  path: Assets/ThirdParty/openDicom/Encoding/TransferSyntax.cs
  importAddress: Guid(3719daf38ead79044922084a3f882afe) Importer(2089858483,b0f066a214c2f5e87bad3c948f4d605d)
Start importing Assets/ThirdParty/openDicom/Encoding/TransferSyntax.cs using Guid(3719daf38ead79044922084a3f882afe) Importer(2089858483,b0f066a214c2f5e87bad3c948f4d605d) (ScriptedImporter) -> (Import Result ID: '2fc9f268ea514cb3e8217d58b2f9d361') in 0.0088703 seconds [static and dynamic dependencies]. Details - ImportResultOutputID=e931ea462ef29a65732830eca7dcf659 DependenciesID=3411324a2e7eee98c37d2417f41b40f6 StaticDependenciesID=d10c3a6853f1d30ce0990d80e769c1b8 
Number of updated asset objects reloaded before import = 0Number of asset objects unloaded after import = 0

========================================================================
Received Import Request.
  Time since last request: 0.000050 seconds.
  path: Assets/ThirdParty/UnityVolumeRendering/Resources/TransferFunctionPaletteGUIMat.mat
  importAddress: Guid(ff490732e49820c42b1fb485f6a0717c) Importer(2089858483,b0f066a214c2f5e87bad3c948f4d605d)
Start importing Assets/ThirdParty/UnityVolumeRendering/Resources/TransferFunctionPaletteGUIMat.mat using Guid(ff490732e49820c42b1fb485f6a0717c) Importer(2089858483,b0f066a214c2f5e87bad3c948f4d605d) (ScriptedImporter) -> (Import Result ID: '016433297dfb44daefddab61dfdb5664') in 0.0196778 seconds [static and dynamic dependencies]. Details - ImportResultOutputID=2f769e24647093d60aa8cea55bdc6940 DependenciesID=091494750667de2135f4ef519b8a8ba3 StaticDependenciesID=888ea31b2a16e20b038100f8ce4d09cd 
Number of updated asset objects reloaded before import = 0Number of asset objects unloaded after import = 1

========================================================================
Received Import Request.
  Time since last request: 0.000035 seconds.
  path: Assets/ThirdParty/openDicom/Registry/IDicomDictionary.cs
  importAddress: Guid(2997d203f8cd1084383757fabfb104d2) Importer(2089858483,b0f066a214c2f5e87bad3c948f4d605d)
Start importing Assets/ThirdParty/openDicom/Registry/IDicomDictionary.cs using Guid(2997d203f8cd1084383757fabfb104d2) Importer(2089858483,b0f066a214c2f5e87bad3c948f4d605d) (ScriptedImporter) -> (Import Result ID: '150a4651b0b4f8e39c16452c52652527') in 0.0073744 seconds [static and dynamic dependencies]. Details - ImportResultOutputID=918fc7fdbbabd87d49ed7f99d22c7b22 DependenciesID=191803cbba60424a4a2f1dfa6b6e0d07 StaticDependenciesID=e5ea89bc2b852f6f2bdb7e92fa0de5cb 
Number of updated asset objects reloaded before import = 0Number of asset objects unloaded after import = 0

========================================================================
Received Import Request.
  Time since last request: 0.000078 seconds.
  path: Assets/ThirdParty/UnityVolumeRendering/Resources/SlicingPlane.prefab
  importAddress: Guid(9e33c546d74b469448387eb023d1df76) Importer(2089858483,b0f066a214c2f5e87bad3c948f4d605d)
Start importing Assets/ThirdParty/UnityVolumeRendering/Resources/SlicingPlane.prefab using Guid(9e33c546d74b469448387eb023d1df76) Importer(2089858483,b0f066a214c2f5e87bad3c948f4d605d) (ScriptedImporter) -> (Import Result ID: '83f6da82f7addd34a32288ffc955f059') in 0.0352926 seconds [static and dynamic dependencies]. Details - ImportResultOutputID=72d2d1ab08c67c849e28a3ee27e376c8 DependenciesID=8f3a6795172263a5d093fd89a82a7c81 StaticDependenciesID=07a42d60b2b957fe8d2d469e5f5c3d53 
Number of updated asset objects reloaded before import = 0Number of asset objects unloaded after import = 8

========================================================================
Received Import Request.
  Time since last request: 0.000014 seconds.
  path: Assets/ThirdParty/openDicom/Encoding/UT.cs
  importAddress: Guid(1a2338374719d6041ac7b36820e27343) Importer(2089858483,b0f066a214c2f5e87bad3c948f4d605d)
Start importing Assets/ThirdParty/openDicom/Encoding/UT.cs using Guid(1a2338374719d6041ac7b36820e27343) Importer(2089858483,b0f066a214c2f5e87bad3c948f4d605d) (ScriptedImporter) -> (Import Result ID: '95cb1bfb3f5e2fe7a74e37d098884bde') in 0.0071121 seconds [static and dynamic dependencies]. Details - ImportResultOutputID=4e212fc2a9014886c5cd0ae2a992159d DependenciesID=6dcdd10c0e7760b5b536b30ac3653e17 StaticDependenciesID=93f51ccf9262db3ff7d452c7cdd4b487 
Number of updated asset objects reloaded before import = 0Number of asset objects unloaded after import = 0

========================================================================
Received Import Request.
  Time since last request: 0.000081 seconds.
  path: Assets/ThirdParty/UnityVolumeRendering/Resources/dicom-uids-2007.dic.bytes
  importAddress: Guid(53bd64257ce5dc444ba9bc04d58de1e7) Importer(2089858483,b0f066a214c2f5e87bad3c948f4d605d)
Start importing Assets/ThirdParty/UnityVolumeRendering/Resources/dicom-uids-2007.dic.bytes using Guid(53bd64257ce5dc444ba9bc04d58de1e7) Importer(2089858483,b0f066a214c2f5e87bad3c948f4d605d) (ScriptedImporter) -> (Import Result ID: 'f1144fa3d9e2a291c499a17cb5babe87') in 0.0073284 seconds [static and dynamic dependencies]. Details - ImportResultOutputID=79cd18609c72d2c6a4475a7062b288a5 DependenciesID=18365e36d943b495a23aad0d967b0e6b StaticDependenciesID=a1d141343002d47b88f5fd0b69be163b 
Number of updated asset objects reloaded before import = 0Number of asset objects unloaded after import = 1

========================================================================
Received Import Request.
  Time since last request: 0.000022 seconds.
  path: Assets/ThirdParty/UnityVolumeRendering/Editor/ImportSettingsEditorWindow.cs
  importAddress: Guid(8967c87c2996b4a4988102a8f6eaa239) Importer(2089858483,b0f066a214c2f5e87bad3c948f4d605d)
Start importing Assets/ThirdParty/UnityVolumeRendering/Editor/ImportSettingsEditorWindow.cs using Guid(8967c87c2996b4a4988102a8f6eaa239) Importer(2089858483,b0f066a214c2f5e87bad3c948f4d605d) (ScriptedImporter) -> (Import Result ID: 'b351757c3b0e3ee44e13dded4b8a7f70') in 0.0067362 seconds [static and dynamic dependencies]. Details - ImportResultOutputID=ca49a4fa6f7dfdf4974e63654096aa7f DependenciesID=19a1b48e0271cc066b15ef1dc76fd490 StaticDependenciesID=a9a287dfe30796f46d90339a7e568efb 
Number of updated asset objects reloaded before import = 0Number of asset objects unloaded after import = 0

========================================================================
Received Import Request.
  Time since last request: 2.026400 seconds.
  path: Assets/ThirdParty/UnityVolumeRendering/Scripts/Lighting/ShadowVolumeManager.cs
  importAddress: Guid(952eca46d42a45a0974a9a9515bd2c1c) Importer(2089858483,b0f066a214c2f5e87bad3c948f4d605d)
Start importing Assets/ThirdParty/UnityVolumeRendering/Scripts/Lighting/ShadowVolumeManager.cs using Guid(952eca46d42a45a0974a9a9515bd2c1c) Importer(2089858483,b0f066a214c2f5e87bad3c948f4d605d) (ScriptedImporter) -> (Import Result ID: 'bbec455423d476a7ef326b3d7b5fa9c9') in 0.0098589 seconds [static and dynamic dependencies]. Details - ImportResultOutputID=be18c51e4f1f393afcabe7bfe589f1e5 DependenciesID=d4f2b9e32595a2114615d031b6ea4ad2 StaticDependenciesID=8ba9380f3a8cf3df93b235b91922ff66 
Number of updated asset objects reloaded before import = 0Number of asset objects unloaded after import = 0

========================================================================
Received Import Request.
  Time since last request: 0.000066 seconds.
  path: Assets/ThirdParty/UnityVolumeRendering/Scripts/VolumeObject/MaterialFactory.cs
  importAddress: Guid(d7d2a389b524f554087d230e01a5d917) Importer(2089858483,b0f066a214c2f5e87bad3c948f4d605d)
Start importing Assets/ThirdParty/UnityVolumeRendering/Scripts/VolumeObject/MaterialFactory.cs using Guid(d7d2a389b524f554087d230e01a5d917) Importer(2089858483,b0f066a214c2f5e87bad3c948f4d605d) (ScriptedImporter) -> (Import Result ID: '9e280b15d0c7cf3212580262587f9cbc') in 0.0080055 seconds [static and dynamic dependencies]. Details - ImportResultOutputID=637843c0279faafacf472ca40f6b5685 DependenciesID=e70eff69d4d9ce7b05222c28a155c7c9 StaticDependenciesID=798cfdceb9a6d4b7ca73584404ae389b 
Number of updated asset objects reloaded before import = 0Number of asset objects unloaded after import = 0

========================================================================
Received Import Request.
  Time since last request: 0.000079 seconds.
  path: Assets/ThirdParty/UnityVolumeRendering/Scripts/Progress/ProgressHandler.cs
  importAddress: Guid(af60ed0db8e1a33248328dafc618d237) Importer(2089858483,b0f066a214c2f5e87bad3c948f4d605d)
Start importing Assets/ThirdParty/UnityVolumeRendering/Scripts/Progress/ProgressHandler.cs using Guid(af60ed0db8e1a33248328dafc618d237) Importer(2089858483,b0f066a214c2f5e87bad3c948f4d605d) (ScriptedImporter) -> (Import Result ID: 'd87dea4286d72a5023de2b4c7eae75c3') in 0.0086936 seconds [static and dynamic dependencies]. Details - ImportResultOutputID=a39ea3a92a7348907dff59d2fd9fec27 DependenciesID=3e71cc04bcaf5ccd9962541e0fac3645 StaticDependenciesID=eecaf892a822d3b3313ded5e12c8b015 
Number of updated asset objects reloaded before import = 0Number of asset objects unloaded after import = 0

========================================================================
Received Import Request.
  Time since last request: 0.000039 seconds.
  path: Assets/ThirdParty/UnityVolumeRendering/Scripts/Utils/NoiseTextureGenerator.cs
  importAddress: Guid(ed6362746a619f540963023e61710552) Importer(2089858483,b0f066a214c2f5e87bad3c948f4d605d)
Start importing Assets/ThirdParty/UnityVolumeRendering/Scripts/Utils/NoiseTextureGenerator.cs using Guid(ed6362746a619f540963023e61710552) Importer(2089858483,b0f066a214c2f5e87bad3c948f4d605d) (ScriptedImporter) -> (Import Result ID: '7af4673a7a606be3302708cb26ea32b4') in 0.0084355 seconds [static and dynamic dependencies]. Details - ImportResultOutputID=c450323abad295c7bf9af1d5a16d9792 DependenciesID=ac8864bcdea6215919a18da3b464e001 StaticDependenciesID=89804591ded52e2fe881bf45e52f121b 
Number of updated asset objects reloaded before import = 0Number of asset objects unloaded after import = 0

========================================================================
Received Import Request.
  Time since last request: 0.000029 seconds.
  path: Assets/NavianChallenge/Data/Atlas/IXI025/MRI/IXI025_t1.nii.gz
  importAddress: Guid(837e13a8a7965ed2bb23e6f8d3295f5b) Importer(2089858483,b0f066a214c2f5e87bad3c948f4d605d)
Start importing Assets/NavianChallenge/Data/Atlas/IXI025/MRI/IXI025_t1.nii.gz using Guid(837e13a8a7965ed2bb23e6f8d3295f5b) Importer(2089858483,b0f066a214c2f5e87bad3c948f4d605d) (ScriptedImporter) -> (Import Result ID: '1b0832aaaa9d5ebadca6f41df20af2ae') in 0.0476233 seconds [static and dynamic dependencies]. Details - ImportResultOutputID=0e3b183adbec61407673ec7058727327 DependenciesID=69e20ff91b1bc3b374e0055a87cec8b2 StaticDependenciesID=29818994f61449c67428b237c0990ea5 
Number of updated asset objects reloaded before import = 0Number of asset objects unloaded after import = 1

========================================================================
Received Prepare
Begin MonoManager ReloadAssembly
Assembly Assembly-CSharp-Editor-firstpass.dll at Library/ScriptAssemblies/Assembly-CSharp-Editor-firstpass.dll not valid. Loading of assembly skipped.
Assembly Assembly-CSharp-firstpass.dll at Library/ScriptAssemblies/Assembly-CSharp-firstpass.dll not valid. Loading of assembly skipped.
Assembly Unity.Multiplayer.Center.Editor.Tests.dll at Library/ScriptAssemblies/Unity.Multiplayer.Center.Editor.Tests.dll not valid. Loading of assembly skipped.
Assembly Unity.Multiplayer.Center.Tests.dll at Library/ScriptAssemblies/Unity.Multiplayer.Center.Tests.dll not valid. Loading of assembly skipped.
Assertion failed on expression: 'pred(*previous, *i)'
Assertion failed on expression: 'pred(*previous, *i)'
Assertion failed on expression: 'pred(*previous, *i)'
Assertion failed on expression: 'pred(*previous, *i)'
Assertion failed on expression: 'pred(*previous, *i)'
Assertion failed on expression: 'pred(*previous, *i)'
Assertion failed on expression: 'pred(*previous, *i)'
Assertion failed on expression: 'pred(*previous, *i)'
Assertion failed on expression: 'pred(*previous, *i)'
Assertion failed on expression: 'pred(*previous, *i)'
Assertion failed on expression: 'pred(*previous, *i)'
Assertion failed on expression: 'pred(*previous, *i)'
Assertion failed on expression: 'pred(*previous, *i)'
Assertion failed on expression: 'pred(*previous, *i)'
Assertion failed on expression: 'pred(*previous, *i)'
Assertion failed on expression: 'pred(*previous, *i)'
Assertion failed on expression: 'pred(*previous, *i)'
Assertion failed on expression: 'pred(*previous, *i)'
Assertion failed on expression: 'pred(*previous, *i)'
Assertion failed on expression: 'pred(*previous, *i)'
Assertion failed on expression: 'pred(*previous, *i)'
Assertion failed on expression: 'pred(*previous, *i)'
Assertion failed on expression: 'pred(*previous, *i)'
Assertion failed on expression: 'pred(*previous, *i)'
Assertion failed on expression: 'pred(*previous, *i)'
Assertion failed on expression: 'pred(*previous, *i)'
Assertion failed on expression: 'pred(*previous, *i)'
Assertion failed on expression: 'pred(*previous, *i)'
Assertion failed on expression: 'pred(*previous, *i)'
Assertion failed on expression: 'pred(*previous, *i)'
Assertion failed on expression: 'pred(*previous, *i)'
Assertion failed on expression: 'pred(*previous, *i)'
Assertion failed on expression: 'pred(*previous, *i)'
Assertion failed on expression: 'pred(*previous, *i)'
Assertion failed on expression: 'pred(*previous, *i)'
Assertion failed on expression: 'pred(*previous, *i)'
Assertion failed on expression: 'pred(*previous, *i)'
Assertion failed on expression: 'pred(*previous, *i)'
Assertion failed on expression: 'pred(*previous, *i)'
Assertion failed on expression: 'pred(*previous, *i)'
Assertion failed on expression: 'pred(*previous, *i)'
Assertion failed on expression: 'pred(*previous, *i)'
Assertion failed on expression: 'pred(*previous, *i)'
Assertion failed on expression: 'pred(*previous, *i)'
Assertion failed on expression: 'pred(*previous, *i)'
Assertion failed on expression: 'pred(*previous, *i)'
Assertion failed on expression: 'pred(*previous, *i)'
Assertion failed on expression: 'pred(*previous, *i)'
Assertion failed on expression: 'pred(*previous, *i)'
Assertion failed on expression: 'pred(*previous, *i)'
Assertion failed on expression: 'pred(*previous, *i)'
Assertion failed on expression: 'pred(*previous, *i)'
Assertion failed on expression: 'pred(*previous, *i)'
Assertion failed on expression: 'pred(*previous, *i)'
Assertion failed on expression: 'pred(*previous, *i)'
Assertion failed on expression: 'pred(*previous, *i)'
Assertion failed on expression: 'pred(*previous, *i)'
Assertion failed on expression: 'pred(*previous, *i)'
Assertion failed on expression: 'pred(*previous, *i)'
Assertion failed on expression: 'pred(*previous, *i)'
Assertion failed on expression: 'pred(*previous, *i)'
Assertion failed on expression: 'pred(*previous, *i)'
Assertion failed on expression: 'pred(*previous, *i)'
Assertion failed on expression: 'pred(*previous, *i)'
Assertion failed on expression: 'pred(*previous, *i)'
Assertion failed on expression: 'pred(*previous, *i)'
Assertion failed on expression: 'pred(*previous, *i)'
Assertion failed on expression: 'pred(*previous, *i)'
Assertion failed on expression: 'pred(*previous, *i)'
Assertion failed on expression: 'pred(*previous, *i)'
Assertion failed on expression: 'pred(*previous, *i)'
Assertion failed on expression: 'pred(*previous, *i)'
Assertion failed on expression: 'pred(*previous, *i)'
Assertion failed on expression: 'pred(*previous, *i)'
Assertion failed on expression: 'pred(*previous, *i)'
Assertion failed on expression: 'pred(*previous, *i)'
Assertion failed on expression: 'pred(*previous, *i)'
Assertion failed on expression: 'pred(*previous, *i)'
Assertion failed on expression: 'pred(*previous, *i)'
Assertion failed on expression: 'pred(*previous, *i)'
Assertion failed on expression: 'pred(*previous, *i)'
Assertion failed on expression: 'pred(*previous, *i)'
Assertion failed on expression: 'pred(*previous, *i)'
Assertion failed on expression: 'pred(*previous, *i)'
Assertion failed on expression: 'pred(*previous, *i)'
Assertion failed on expression: 'pred(*previous, *i)'
Assertion failed on expression: 'pred(*previous, *i)'
Assertion failed on expression: 'pred(*previous, *i)'
Assertion failed on expression: 'pred(*previous, *i)'
Assertion failed on expression: 'pred(*previous, *i)'
Assertion failed on expression: 'pred(*previous, *i)'
Assertion failed on expression: 'pred(*previous, *i)'
Assertion failed on expression: 'pred(*previous, *i)'
Assertion failed on expression: 'pred(*previous, *i)'
Assertion failed on expression: 'pred(*previous, *i)'
Assertion failed on expression: 'pred(*previous, *i)'
Assertion failed on expression: 'pred(*previous, *i)'
Assertion failed on expression: 'pred(*previous, *i)'
Assertion failed on expression: 'pred(*previous, *i)'
Assertion failed on expression: 'pred(*previous, *i)'
Assertion failed on expression: 'pred(*previous, *i)'
Assertion failed on expression: 'pred(*previous, *i)'
Assertion failed on expression: 'pred(*previous, *i)'
Assertion failed on expression: 'pred(*previous, *i)'
Assertion failed on expression: 'pred(*previous, *i)'
Assertion failed on expression: 'pred(*previous, *i)'
Assertion failed on expression: 'pred(*previous, *i)'
Assertion failed on expression: 'pred(*previous, *i)'
Assertion failed on expression: 'pred(*previous, *i)'
Assertion failed on expression: 'pred(*previous, *i)'
Assertion failed on expression: 'pred(*previous, *i)'
Assertion failed on expression: 'pred(*previous, *i)'
Assertion failed on expression: 'pred(*previous, *i)'
Assertion failed on expression: 'pred(*previous, *i)'
Assertion failed on expression: 'pred(*previous, *i)'
Assertion failed on expression: 'pred(*previous, *i)'
Assertion failed on expression: 'pred(*previous, *i)'
Assertion failed on expression: 'pred(*previous, *i)'
Assertion failed on expression: 'pred(*previous, *i)'
Assertion failed on expression: 'pred(*previous, *i)'
Assertion failed on expression: 'pred(*previous, *i)'
Assertion failed on expression: 'pred(*previous, *i)'
Assertion failed on expression: 'pred(*previous, *i)'
Assertion failed on expression: 'pred(*previous, *i)'
Assertion failed on expression: 'pred(*previous, *i)'
Assertion failed on expression: 'pred(*previous, *i)'
Assertion failed on expression: 'pred(*previous, *i)'
Assertion failed on expression: 'pred(*previous, *i)'
Assertion failed on expression: 'pred(*previous, *i)'
Assertion failed on expression: 'pred(*previous, *i)'
Assertion failed on expression: 'pred(*previous, *i)'
Assertion failed on expression: 'pred(*previous, *i)'
Assertion failed on expression: 'pred(*previous, *i)'
Assertion failed on expression: 'pred(*previous, *i)'
Assertion failed on expression: 'pred(*previous, *i)'
Assertion failed on expression: 'pred(*previous, *i)'
Assertion failed on expression: 'pred(*previous, *i)'
Assertion failed on expression: 'pred(*previous, *i)'
Assertion failed on expression: 'pred(*previous, *i)'
Assertion failed on expression: 'pred(*previous, *i)'
Assertion failed on expression: 'pred(*previous, *i)'
Assertion failed on expression: 'pred(*previous, *i)'
Native extension for UWP target not found
Native extension for WindowsStandalone target not found
Native extension for WebGL target not found
[Package Manager] Failed to launch server process. Reason: Unity was launched with the -noUpm command-line argument
[Package Manager] Unable to send message (not connected to server process).
[Package Manager] Cannot connect to Unity Package Manager local server
ScheduleIndexationOnStartup MainProcess:False IndexOnStartup:True
Mono: successfully reloaded assembly
- Finished resetting the current domain, in  0.313 seconds
Domain Reload Profiling: 585ms
	BeginReloadAssembly (163ms)
		DisableScriptedObjects (5ms)
		CreateAndSetChildDomain (26ms)
	RebuildCommonClasses (30ms)
	RebuildNativeTypeToScriptingClass (10ms)
	initialDomainReloadingComplete (50ms)
	LoadAllAssembliesAndSetupDomain (17ms)
		LoadAssemblies (100ms)
		AnalyzeDomain (9ms)
			TypeCache.Refresh (4ms)
			BuildScriptInfoCaches (3ms)
	FinalizeReload (314ms)
		SetupLoadedEditorAssemblies (0ms)
			InitializePlatformSupportModulesInManaged (11ms)
			BeforeProcessingInitializeOnLoad (89ms)
			ProcessInitializeOnLoadAttributes (67ms)
			ProcessInitializeOnLoadMethodAttributes (34ms)
			AfterProcessingInitializeOnLoad (6ms)
		AwakeInstancesAfterBackupRestoration (8ms)
Unloading 2 Unused Serialized files (Serialized files now loaded: 0)
Unloading 210 unused Assets / (101.5 KB). Loaded Objects now: 841.
Memory consumption went from 69.4 MB to 69.3 MB.
Total: 3.441900 ms (FindLiveObjects: 0.065600 ms CreateObjectMapping: 0.007900 ms MarkObjects: 3.198700 ms  DeleteObjects: 0.169100 ms)

Prepare: number of updated asset objects reloaded= 0
Editor requested this worker to shutdown with reason: Scaling down because of idle timeout
AssetImportWorker is now disconnected from the server
Process exiting
Exiting without the bug reporter. Application will terminate with return code 0